[35m[1mScanning dependencies of target trajectory_msgs_generate_messages_lisp[0m
[  0%] Built target trajectory_msgs_generate_messages_lisp
[35m[1mScanning dependencies of target uuv_sensor_ros_plugins_msgs_generate_messages_py[0m
[  0%] Built target uuv_sensor_ros_plugins_msgs_generate_messages_py
[35m[1mScanning dependencies of target visualization_msgs_generate_messages_py[0m
[  0%] Built target visualization_msgs_generate_messages_py
[35m[1mScanning dependencies of target visualization_msgs_generate_messages_nodejs[0m
[  0%] Built target visualization_msgs_generate_messages_nodejs
[35m[1mScanning dependencies of target visualization_msgs_generate_messages_lisp[0m
[  0%] Built target visualization_msgs_generate_messages_lisp
[35m[1mScanning dependencies of target dynamic_reconfigure_gencfg[0m
[  0%] Built target dynamic_reconfigure_gencfg
[35m[1mScanning dependencies of target dynamic_reconfigure_generate_messages_cpp[0m
[  0%] Built target dynamic_reconfigure_generate_messages_cpp
[35m[1mScanning dependencies of target nav_msgs_generate_messages_lisp[0m
[  0%] Built target nav_msgs_generate_messages_lisp
[35m[1mScanning dependencies of target nav_msgs_generate_messages_eus[0m
[  0%] Built target nav_msgs_generate_messages_eus
[35m[1mScanning dependencies of target visualization_msgs_generate_messages_eus[0m
[  0%] Built target visualization_msgs_generate_messages_eus
[35m[1mScanning dependencies of target nav_msgs_generate_messages_cpp[0m
[  0%] Built target nav_msgs_generate_messages_cpp
[35m[1mScanning dependencies of target bond_generate_messages_py[0m
[  0%] Built target bond_generate_messages_py
[35m[1mScanning dependencies of target bond_generate_messages_nodejs[0m
[  0%] Built target bond_generate_messages_nodejs
[  1%] [34m[1mRunning cpp protocol buffer compiler on /home/svg/uuv_ws/src/uuv_simulator/uuv_sensor_plugins/uuv_sensor_ros_plugins/msgs/SensorRpt.proto[0m
[  3%] [34m[1mRunning cpp protocol buffer compiler on /home/svg/uuv_ws/src/uuv_simulator/uuv_sensor_plugins/uuv_sensor_ros_plugins/msgs/SensorDvl.proto[0m
[  5%] [34m[1mRunning cpp protocol buffer compiler on /home/svg/uuv_ws/src/uuv_simulator/uuv_sensor_plugins/uuv_sensor_ros_plugins/msgs/SensorImu.proto[0m
[  7%] [34m[1mRunning cpp protocol buffer compiler on /home/svg/uuv_ws/src/uuv_simulator/uuv_sensor_plugins/uuv_sensor_ros_plugins/msgs/SensorMagnetic.proto[0m
[  9%] [34m[1mRunning cpp protocol buffer compiler on /home/svg/uuv_ws/src/uuv_simulator/uuv_sensor_plugins/uuv_sensor_ros_plugins/msgs/SensorPressure.proto[0m
[35m[1mScanning dependencies of target uuv_sensor_gazebo_msgs[0m
[ 11%] [32mBuilding CXX object CMakeFiles/uuv_sensor_gazebo_msgs.dir/SensorDvl.pb.cc.o[0m
[ 13%] [32mBuilding CXX object CMakeFiles/uuv_sensor_gazebo_msgs.dir/SensorImu.pb.cc.o[0m
[ 15%] [32mBuilding CXX object CMakeFiles/uuv_sensor_gazebo_msgs.dir/SensorMagnetic.pb.cc.o[0m
[ 16%] [32mBuilding CXX object CMakeFiles/uuv_sensor_gazebo_msgs.dir/SensorPressure.pb.cc.o[0m
[ 18%] [32mBuilding CXX object CMakeFiles/uuv_sensor_gazebo_msgs.dir/SensorRpt.pb.cc.o[0m
[ 20%] [32m[1mLinking CXX shared library /home/svg/uuv_ws/devel/.private/uuv_sensor_ros_plugins/lib/libuuv_sensor_gazebo_msgs.so[0m
[ 20%] Built target uuv_sensor_gazebo_msgs
[35m[1mScanning dependencies of target bond_generate_messages_lisp[0m
[ 20%] Built target bond_generate_messages_lisp
[35m[1mScanning dependencies of target bond_generate_messages_eus[0m
[ 20%] Built target bond_generate_messages_eus
[35m[1mScanning dependencies of target nodelet_generate_messages_nodejs[0m
[ 20%] Built target nodelet_generate_messages_nodejs
[35m[1mScanning dependencies of target nodelet_generate_messages_eus[0m
[ 20%] Built target nodelet_generate_messages_eus
[35m[1mScanning dependencies of target uuv_sensor_ros_plugins_msgs_generate_messages_cpp[0m
[ 20%] Built target uuv_sensor_ros_plugins_msgs_generate_messages_cpp
[35m[1mScanning dependencies of target nodelet_generate_messages_cpp[0m
[ 20%] Built target nodelet_generate_messages_cpp
[35m[1mScanning dependencies of target nodelet_generate_messages_py[0m
[ 20%] Built target nodelet_generate_messages_py
[35m[1mScanning dependencies of target std_srvs_generate_messages_nodejs[0m
[ 20%] Built target std_srvs_generate_messages_nodejs
[35m[1mScanning dependencies of target std_srvs_generate_messages_lisp[0m
[ 20%] Built target std_srvs_generate_messages_lisp
[35m[1mScanning dependencies of target std_srvs_generate_messages_eus[0m
[ 20%] Built target std_srvs_generate_messages_eus
[35m[1mScanning dependencies of target trajectory_msgs_generate_messages_nodejs[0m
[ 20%] Built target trajectory_msgs_generate_messages_nodejs
[35m[1mScanning dependencies of target rosgraph_msgs_generate_messages_nodejs[0m
[ 20%] Built target rosgraph_msgs_generate_messages_nodejs
[35m[1mScanning dependencies of target actionlib_generate_messages_cpp[0m
[ 20%] Built target actionlib_generate_messages_cpp
[35m[1mScanning dependencies of target actionlib_msgs_generate_messages_py[0m
[ 20%] Built target actionlib_msgs_generate_messages_py
[35m[1mScanning dependencies of target dynamic_reconfigure_generate_messages_py[0m
[ 20%] Built target dynamic_reconfigure_generate_messages_py
[35m[1mScanning dependencies of target actionlib_msgs_generate_messages_eus[0m
[ 20%] Built target actionlib_msgs_generate_messages_eus
[35m[1mScanning dependencies of target std_srvs_generate_messages_py[0m
[ 20%] Built target std_srvs_generate_messages_py
[35m[1mScanning dependencies of target rosgraph_msgs_generate_messages_eus[0m
[ 20%] Built target rosgraph_msgs_generate_messages_eus
[35m[1mScanning dependencies of target uuv_sensor_ros_plugins_msgs_generate_messages_eus[0m
[ 20%] Built target uuv_sensor_ros_plugins_msgs_generate_messages_eus
[35m[1mScanning dependencies of target roscpp_generate_messages_eus[0m
[ 20%] Built target roscpp_generate_messages_eus
[35m[1mScanning dependencies of target nodelet_generate_messages_lisp[0m
[ 20%] Built target nodelet_generate_messages_lisp
[35m[1mScanning dependencies of target std_msgs_generate_messages_nodejs[0m
[ 20%] Built target std_msgs_generate_messages_nodejs
[35m[1mScanning dependencies of target geometry_msgs_generate_messages_eus[0m
[ 20%] Built target geometry_msgs_generate_messages_eus
[35m[1mScanning dependencies of target std_msgs_generate_messages_cpp[0m
[ 20%] Built target std_msgs_generate_messages_cpp
[35m[1mScanning dependencies of target rosgraph_msgs_generate_messages_lisp[0m
[ 20%] Built target rosgraph_msgs_generate_messages_lisp
[35m[1mScanning dependencies of target tf_generate_messages_eus[0m
[ 20%] Built target tf_generate_messages_eus
[35m[1mScanning dependencies of target dynamic_reconfigure_generate_messages_lisp[0m
[ 20%] Built target dynamic_reconfigure_generate_messages_lisp
[35m[1mScanning dependencies of target tf2_msgs_generate_messages_cpp[0m
[ 20%] Built target tf2_msgs_generate_messages_cpp
[35m[1mScanning dependencies of target gazebo_msgs_generate_messages_py[0m
[ 20%] Built target gazebo_msgs_generate_messages_py
[35m[1mScanning dependencies of target roscpp_generate_messages_nodejs[0m
[ 20%] Built target roscpp_generate_messages_nodejs
[35m[1mScanning dependencies of target geometry_msgs_generate_messages_lisp[0m
[ 20%] Built target geometry_msgs_generate_messages_lisp
[35m[1mScanning dependencies of target uuv_sensor_ros_plugins_msgs_generate_messages_nodejs[0m
[ 20%] Built target uuv_sensor_ros_plugins_msgs_generate_messages_nodejs
[35m[1mScanning dependencies of target tf_generate_messages_cpp[0m
[ 20%] Built target tf_generate_messages_cpp
[35m[1mScanning dependencies of target roscpp_generate_messages_lisp[0m
[ 20%] Built target roscpp_generate_messages_lisp
[35m[1mScanning dependencies of target actionlib_generate_messages_lisp[0m
[ 20%] Built target actionlib_generate_messages_lisp
[35m[1mScanning dependencies of target roscpp_generate_messages_cpp[0m
[ 20%] Built target roscpp_generate_messages_cpp
[35m[1mScanning dependencies of target geometry_msgs_generate_messages_py[0m
[ 20%] Built target geometry_msgs_generate_messages_py
[35m[1mScanning dependencies of target tf2_msgs_generate_messages_eus[0m
[ 20%] Built target tf2_msgs_generate_messages_eus
[35m[1mScanning dependencies of target sensor_msgs_generate_messages_py[0m
[ 20%] Built target sensor_msgs_generate_messages_py
[35m[1mScanning dependencies of target sensor_msgs_generate_messages_nodejs[0m
[ 20%] Built target sensor_msgs_generate_messages_nodejs
[35m[1mScanning dependencies of target visualization_msgs_generate_messages_cpp[0m
[ 20%] Built target visualization_msgs_generate_messages_cpp
[35m[1mScanning dependencies of target sensor_msgs_generate_messages_eus[0m
[ 20%] Built target sensor_msgs_generate_messages_eus
[35m[1mScanning dependencies of target sensor_msgs_generate_messages_lisp[0m
[ 20%] Built target sensor_msgs_generate_messages_lisp
[35m[1mScanning dependencies of target std_msgs_generate_messages_lisp[0m
[ 20%] Built target std_msgs_generate_messages_lisp
[35m[1mScanning dependencies of target std_srvs_generate_messages_cpp[0m
[ 20%] Built target std_srvs_generate_messages_cpp
[35m[1mScanning dependencies of target gazebo_plugins_gencfg[0m
[ 20%] Built target gazebo_plugins_gencfg
[35m[1mScanning dependencies of target rosgraph_msgs_generate_messages_py[0m
[ 20%] Built target rosgraph_msgs_generate_messages_py
[35m[1mScanning dependencies of target std_msgs_generate_messages_py[0m
[ 20%] Built target std_msgs_generate_messages_py
[35m[1mScanning dependencies of target nav_msgs_generate_messages_nodejs[0m
[ 20%] Built target nav_msgs_generate_messages_nodejs
[35m[1mScanning dependencies of target sensor_msgs_generate_messages_cpp[0m
[ 20%] Built target sensor_msgs_generate_messages_cpp
[35m[1mScanning dependencies of target geometry_msgs_generate_messages_cpp[0m
[ 20%] Built target geometry_msgs_generate_messages_cpp
[35m[1mScanning dependencies of target dynamic_reconfigure_generate_messages_nodejs[0m
[ 20%] Built target dynamic_reconfigure_generate_messages_nodejs
[35m[1mScanning dependencies of target bond_generate_messages_cpp[0m
[ 20%] Built target bond_generate_messages_cpp
[35m[1mScanning dependencies of target gazebo_msgs_generate_messages_lisp[0m
[ 20%] Built target gazebo_msgs_generate_messages_lisp
[35m[1mScanning dependencies of target tf2_msgs_generate_messages_py[0m
[ 20%] Built target tf2_msgs_generate_messages_py
[35m[1mScanning dependencies of target nav_msgs_generate_messages_py[0m
[ 20%] Built target nav_msgs_generate_messages_py
[35m[1mScanning dependencies of target tf_generate_messages_lisp[0m
[ 20%] Built target tf_generate_messages_lisp
[35m[1mScanning dependencies of target tf_generate_messages_nodejs[0m
[ 20%] Built target tf_generate_messages_nodejs
[35m[1mScanning dependencies of target uuv_sensor_ros_plugins_msgs_generate_messages_lisp[0m
[ 20%] Built target uuv_sensor_ros_plugins_msgs_generate_messages_lisp
[35m[1mScanning dependencies of target gazebo_msgs_generate_messages_cpp[0m
[ 20%] Built target gazebo_msgs_generate_messages_cpp
[35m[1mScanning dependencies of target trajectory_msgs_generate_messages_py[0m
[ 20%] Built target trajectory_msgs_generate_messages_py
[35m[1mScanning dependencies of target rosgraph_msgs_generate_messages_cpp[0m
[ 20%] Built target rosgraph_msgs_generate_messages_cpp
[35m[1mScanning dependencies of target actionlib_generate_messages_eus[0m
[ 20%] Built target actionlib_generate_messages_eus
[35m[1mScanning dependencies of target actionlib_msgs_generate_messages_cpp[0m
[ 20%] Built target actionlib_msgs_generate_messages_cpp
[35m[1mScanning dependencies of target actionlib_generate_messages_nodejs[0m
[ 20%] Built target actionlib_generate_messages_nodejs
[35m[1mScanning dependencies of target gazebo_msgs_generate_messages_nodejs[0m
[ 20%] Built target gazebo_msgs_generate_messages_nodejs
[35m[1mScanning dependencies of target roscpp_generate_messages_py[0m
[ 20%] Built target roscpp_generate_messages_py
[35m[1mScanning dependencies of target trajectory_msgs_generate_messages_eus[0m
[ 20%] Built target trajectory_msgs_generate_messages_eus
[35m[1mScanning dependencies of target actionlib_generate_messages_py[0m
[ 20%] Built target actionlib_generate_messages_py
[35m[1mScanning dependencies of target trajectory_msgs_generate_messages_cpp[0m
[ 20%] Built target trajectory_msgs_generate_messages_cpp
[35m[1mScanning dependencies of target std_msgs_generate_messages_eus[0m
[ 20%] Built target std_msgs_generate_messages_eus
[35m[1mScanning dependencies of target tf_generate_messages_py[0m
[ 20%] Built target tf_generate_messages_py
[35m[1mScanning dependencies of target actionlib_msgs_generate_messages_nodejs[0m
[ 20%] Built target actionlib_msgs_generate_messages_nodejs
[35m[1mScanning dependencies of target actionlib_msgs_generate_messages_lisp[0m
[ 20%] Built target actionlib_msgs_generate_messages_lisp
[35m[1mScanning dependencies of target tf2_msgs_generate_messages_lisp[0m
[ 20%] Built target tf2_msgs_generate_messages_lisp
[35m[1mScanning dependencies of target tf2_msgs_generate_messages_nodejs[0m
[ 20%] Built target tf2_msgs_generate_messages_nodejs
[35m[1mScanning dependencies of target dynamic_reconfigure_generate_messages_eus[0m
[ 20%] Built target dynamic_reconfigure_generate_messages_eus
[35m[1mScanning dependencies of target geometry_msgs_generate_messages_nodejs[0m
[ 20%] Built target geometry_msgs_generate_messages_nodejs
[35m[1mScanning dependencies of target gazebo_msgs_generate_messages_eus[0m
[ 20%] Built target gazebo_msgs_generate_messages_eus
[35m[1mScanning dependencies of target uuv_sensor_ros_plugins_xacro_generated_to_devel_space_[0m
[ 20%] Built target uuv_sensor_ros_plugins_xacro_generated_to_devel_space_
[35m[1mScanning dependencies of target uuv_gazebo_ros_magnetometer_plugin[0m
[ 22%] [32mBuilding CXX object CMakeFiles/uuv_gazebo_ros_magnetometer_plugin.dir/src/MagnetometerROSPlugin.cc.o[0m
[ 24%] [32mBuilding CXX object CMakeFiles/uuv_gazebo_ros_magnetometer_plugin.dir/src/ROSBasePlugin.cc.o[0m
[ 26%] [32mBuilding CXX object CMakeFiles/uuv_gazebo_ros_magnetometer_plugin.dir/src/ROSBaseModelPlugin.cc.o[0m
[35m[1mScanning dependencies of target image_sonar_ros_plugin[0m
[ 28%] [32mBuilding CXX object CMakeFiles/image_sonar_ros_plugin.dir/src/gazebo_ros_image_sonar.cpp.o[0m
[35m[1mScanning dependencies of target uuv_gazebo_ros_cpc_plugin[0m
[ 30%] [32mBuilding CXX object CMakeFiles/uuv_gazebo_ros_cpc_plugin.dir/src/CPCROSPlugin.cc.o[0m
[ 32%] [32mBuilding CXX object CMakeFiles/uuv_gazebo_ros_cpc_plugin.dir/src/ROSBasePlugin.cc.o[0m
[ 33%] [32m[1mLinking CXX shared library /home/svg/uuv_ws/devel/.private/uuv_sensor_ros_plugins/lib/libuuv_gazebo_ros_magnetometer_plugin.so[0m
[ 33%] Built target uuv_gazebo_ros_magnetometer_plugin
[35m[1mScanning dependencies of target uuv_gazebo_ros_subsea_pressure_plugin[0m
[ 35%] [32mBuilding CXX object CMakeFiles/uuv_gazebo_ros_subsea_pressure_plugin.dir/src/SubseaPressureROSPlugin.cc.o[0m
[ 37%] [32m[1mLinking CXX shared library /home/svg/uuv_ws/devel/.private/uuv_sensor_ros_plugins/lib/libimage_sonar_ros_plugin.so[0m
[ 37%] Built target image_sonar_ros_plugin
[35m[1mScanning dependencies of target uuv_gazebo_ros_pose_gt_plugin[0m
[ 39%] [32mBuilding CXX object CMakeFiles/uuv_gazebo_ros_pose_gt_plugin.dir/src/PoseGTROSPlugin.cc.o[0m
[ 41%] [32mBuilding CXX object CMakeFiles/uuv_gazebo_ros_cpc_plugin.dir/src/ROSBaseModelPlugin.cc.o[0m
[ 43%] [32mBuilding CXX object CMakeFiles/uuv_gazebo_ros_pose_gt_plugin.dir/src/ROSBasePlugin.cc.o[0m
[ 45%] [32mBuilding CXX object CMakeFiles/uuv_gazebo_ros_subsea_pressure_plugin.dir/src/ROSBasePlugin.cc.o[0m
[ 47%] [32mBuilding CXX object CMakeFiles/uuv_gazebo_ros_pose_gt_plugin.dir/src/ROSBaseModelPlugin.cc.o[0m
[ 49%] [32m[1mLinking CXX shared library /home/svg/uuv_ws/devel/.private/uuv_sensor_ros_plugins/lib/libuuv_gazebo_ros_cpc_plugin.so[0m
[ 49%] Built target uuv_gazebo_ros_cpc_plugin
[35m[1mScanning dependencies of target uuv_gazebo_ros_gps_plugin[0m
[ 50%] [32mBuilding CXX object CMakeFiles/uuv_gazebo_ros_gps_plugin.dir/src/GPSROSPlugin.cc.o[0m
[ 52%] [32mBuilding CXX object CMakeFiles/uuv_gazebo_ros_gps_plugin.dir/src/ROSBasePlugin.cc.o[0m
[ 54%] [32mBuilding CXX object CMakeFiles/uuv_gazebo_ros_subsea_pressure_plugin.dir/src/ROSBaseModelPlugin.cc.o[0m
[ 56%] [32m[1mLinking CXX shared library /home/svg/uuv_ws/devel/.private/uuv_sensor_ros_plugins/lib/libuuv_gazebo_ros_pose_gt_plugin.so[0m
[ 56%] Built target uuv_gazebo_ros_pose_gt_plugin
[35m[1mScanning dependencies of target uuv_gazebo_ros_camera_plugin[0m
[ 58%] [32mBuilding CXX object CMakeFiles/uuv_gazebo_ros_camera_plugin.dir/src/UnderwaterCameraROSPlugin.cc.o[0m
[ 60%] [32mBuilding CXX object CMakeFiles/uuv_gazebo_ros_gps_plugin.dir/src/ROSBaseSensorPlugin.cc.o[0m
[ 62%] [32m[1mLinking CXX shared library /home/svg/uuv_ws/devel/.private/uuv_sensor_ros_plugins/lib/libuuv_gazebo_ros_subsea_pressure_plugin.so[0m
[ 62%] Built target uuv_gazebo_ros_subsea_pressure_plugin
[35m[1mScanning dependencies of target uuv_gazebo_ros_imu_plugin[0m
[35m[1mScanning dependencies of target uuv_gazebo_ros_rpt_plugin[0m
[ 64%] [32mBuilding CXX object CMakeFiles/uuv_gazebo_ros_rpt_plugin.dir/src/RPTROSPlugin.cc.o[0m
[ 66%] [32mBuilding CXX object CMakeFiles/uuv_gazebo_ros_imu_plugin.dir/src/IMUROSPlugin.cc.o[0m
[ 67%] [32m[1mLinking CXX shared library /home/svg/uuv_ws/devel/.private/uuv_sensor_ros_plugins/lib/libuuv_gazebo_ros_gps_plugin.so[0m
[ 67%] Built target uuv_gazebo_ros_gps_plugin
[35m[1mScanning dependencies of target uuv_gazebo_ros_dvl_plugin[0m
[ 69%] [32mBuilding CXX object CMakeFiles/uuv_gazebo_ros_dvl_plugin.dir/src/DVLROSPlugin.cc.o[0m
[01m[K/home/svg/uuv_ws/src/uuv_simulator/uuv_sensor_plugins/uuv_sensor_ros_plugins/src/RPTROSPlugin.cc:[m[K In member function ‘[01m[Kvirtual bool gazebo::RPTROSPlugin::OnUpdate(const gazebo::common::UpdateInfo&)[m[K’:
[01m[K/home/svg/uuv_ws/src/uuv_simulator/uuv_sensor_plugins/uuv_sensor_ros_plugins/src/RPTROSPlugin.cc:119:1:[m[K [01;35m[Kwarning: [m[Kcontrol reaches end of non-void function [[01;35m[K-Wreturn-type[m[K]
  119 | [01;35m[K}[m[K
      | [01;35m[K^[m[K
[ 71%] [32mBuilding CXX object CMakeFiles/uuv_gazebo_ros_rpt_plugin.dir/src/ROSBasePlugin.cc.o[0m
[ 73%] [32mBuilding CXX object CMakeFiles/uuv_gazebo_ros_imu_plugin.dir/src/ROSBasePlugin.cc.o[0m
[ 75%] [32m[1mLinking CXX shared library /home/svg/uuv_ws/devel/.private/uuv_sensor_ros_plugins/lib/libuuv_gazebo_ros_camera_plugin.so[0m
[ 75%] Built target uuv_gazebo_ros_camera_plugin
[35m[1mScanning dependencies of target uuv_gazebo_ros_base_sensor_plugin[0m
[ 77%] [32mBuilding CXX object CMakeFiles/uuv_gazebo_ros_base_sensor_plugin.dir/src/ROSBasePlugin.cc.o[0m
[ 79%] [32mBuilding CXX object CMakeFiles/uuv_gazebo_ros_dvl_plugin.dir/src/ROSBasePlugin.cc.o[0m
[ 81%] [32mBuilding CXX object CMakeFiles/uuv_gazebo_ros_rpt_plugin.dir/src/ROSBaseModelPlugin.cc.o[0m
[ 83%] [32mBuilding CXX object CMakeFiles/uuv_gazebo_ros_imu_plugin.dir/src/ROSBaseModelPlugin.cc.o[0m
[ 84%] [32mBuilding CXX object CMakeFiles/uuv_gazebo_ros_base_sensor_plugin.dir/src/ROSBaseSensorPlugin.cc.o[0m
[ 86%] [32mBuilding CXX object CMakeFiles/uuv_gazebo_ros_dvl_plugin.dir/src/ROSBaseModelPlugin.cc.o[0m
[ 88%] [32m[1mLinking CXX shared library /home/svg/uuv_ws/devel/.private/uuv_sensor_ros_plugins/lib/libuuv_gazebo_ros_rpt_plugin.so[0m
[ 90%] [32m[1mLinking CXX shared library /home/svg/uuv_ws/devel/.private/uuv_sensor_ros_plugins/lib/libuuv_gazebo_ros_imu_plugin.so[0m
[ 90%] Built target uuv_gazebo_ros_rpt_plugin
[35m[1mScanning dependencies of target uuv_gazebo_ros_base_model_plugin[0m
[ 92%] [32mBuilding CXX object CMakeFiles/uuv_gazebo_ros_base_model_plugin.dir/src/ROSBasePlugin.cc.o[0m
[ 94%] [32m[1mLinking CXX shared library /home/svg/uuv_ws/devel/.private/uuv_sensor_ros_plugins/lib/libuuv_gazebo_ros_base_sensor_plugin.so[0m
[ 94%] Built target uuv_gazebo_ros_imu_plugin
[ 96%] [32mBuilding CXX object CMakeFiles/uuv_gazebo_ros_base_model_plugin.dir/src/ROSBaseModelPlugin.cc.o[0m
[ 96%] Built target uuv_gazebo_ros_base_sensor_plugin
[ 98%] [32m[1mLinking CXX shared library /home/svg/uuv_ws/devel/.private/uuv_sensor_ros_plugins/lib/libuuv_gazebo_ros_dvl_plugin.so[0m
[ 98%] Built target uuv_gazebo_ros_dvl_plugin
[100%] [32m[1mLinking CXX shared library /home/svg/uuv_ws/devel/.private/uuv_sensor_ros_plugins/lib/libuuv_gazebo_ros_base_model_plugin.so[0m
[100%] Built target uuv_gazebo_ros_base_model_plugin
